15:15;
WT,NU;WT,NU;WT,NU;WT,NU;WT,NU;WT,NU;WT,NU;WT,NU;WT,NU;WT,NU;WT,NU;WT,NU;CC,NU;C0,NU;CA,NU;
WT,NU;WT,NU;CC,NU;C0,NU;C0,NU;C0,NU;C0,NU;C0,NU;C0,NU;CA,NU;WT,NU;WT,NU;C4,NU;MO,NU;C1,NU;
WT,NU;CC,NU;C5,NU;PL,NU;MO,NU;PL,NU;PL,NU;PL,NU;PL,NU;C2,NU;C0,NU;CA,NU;CD,NU;C7,NU;CB,NU;
C0,NU;C5,NU;PL,NU;MO,NU;PL,NU;PL,NU;PL,NU;UD,NU;PL,NU;PL,NU;MO,NU;C2,NU;C0,NU;CA,NU;WT,NU;
PL,NU;PL,NU;MO,NU;PL,NU;PL,NU;PL,NU;PL,NU;UD,NU;PL,KE;PL,NU;PL,NU;PL,NU;PL,NU;C1,NU;WT,NU;
MO,NU;PL,NU;WO,NU;PL,NU;MO,NU;PL,NU;C3,NU;BV,NU;RH,NU;RH,NU;RH,NU;RH,NU;RH,NU;CB,NU;WT,NU;
PL,NU;MO,NU;PL,NU;PL,NU;PL,NU;PL,NU;RV,NU;UD,NU;PL,NU;PL,NU;PL,NU;PL,NU;PL,NU;C1,NU;WT,NU;
PL,NU;PL,NU;PL,NU;PL,KE;PL,NU;PL,NU;RV,NU;UD,NU;MO,NU;PL,NU;WO,NU;PL,NU;PL,NU;C2,NU;CA,NU;
LR,NU;LR,NU;TD,TE;LR,NU;LR,NU;LR,NU;BH,NU;LU,NU;PL,NU;PL,NU;PL,NU;PL,NU;PL,NU;MO,NU;C1,NU;
PL,NU;PL,NU;UD,NU;PL,NU;PL,NU;PL,NU;RV,NU;PL,NU;PL,NU;PL,NU;PL,NU;PL,NU;PL,NU;C3,NU;CB,NU;
PL,NU;PL,NU;UD,NU;PL,NU;PL,NU;PL,NU;RV,NU;PL,NU;PL,NU;WO,NU;PL,NU;WO,NU;PL,NU;C1,NU;WT,NU;
RH,NU;RH,NU;BV,NU;RH,NU;RH,NU;RH,NU;C5,NU;PL,NU;PL,NU;PL,KE;PL,NU;PL,NU;PL,NU;C1,NU;WT,NU;
PL,NU;PL,NU;UD,NU;PL,NU;PL,NU;PL,NU;PL,NU;PL,NU;WO,NU;PL,NU;C3,NU;C7,NU;C7,NU;CB,NU;WT,NU;
PL,NU;PL,NU;UD,NU;PL,NU;WO,NU;PL,NU;PL,NU;PL,NU;PL,NU;C3,NU;CB,NU;WT,NU;WT,NU;WT,NU;WT,FE;
PL,AR;PL,AR;UD,NU;PL,AR;PL,NU;PL,AR;PL,NU;C3,NU;C7,NU;CB,NU;WT,NU;WT,NU;WT,NU;WT,NU;WT,NU;
