15:15;
WT,NU;PL,AR;PL,FE;PL,KE;PL,TE;PL,NU;PL,NU;PL,NU;PL,NU;PL,NU;PL,NU;PL,NU;PL,NU;PL,NU;WT,NU;
PL,NU;PL,NU;PL,NU;PL,NU;PL,NU;PL,NU;PL,NU;PL,AR;PL,NU;PL,NU;PL,NU;PL,NU;PL,NU;PL,NU;PL,NU;
PL,NU;PL,NU;PL,NU;PL,NU;PL,NU;PL,NU;PL,NU;PL,NU;PL,NU;PL,NU;PL,NU;PL,NU;PL,NU;PL,NU;PL,NU;
PL,NU;PL,NU;PL,NU;PL,NU;PL,NU;PL,NU;PL,NU;PL,NU;PL,NU;PL,NU;PL,NU;PL,NU;PL,NU;PL,NU;PL,NU;
PL,NU;PL,NU;PL,NU;PL,NU;PL,NU;PL,NU;PL,NU;PL,NU;PL,NU;PL,NU;PL,FE;PL,NU;PL,NU;PL,NU;PL,NU;
PL,NU;PL,NU;PL,NU;PL,NU;PL,NU;PL,NU;PL,NU;LR,TE;PL,NU;PL,NU;PL,NU;PL,NU;PL,NU;PL,NU;PL,NU;
PL,NU;PL,NU;PL,NU;PL,NU;PL,NU;PL,NU;PL,NU;PL,NU;PL,NU;PL,NU;PL,NU;PL,NU;PL,NU;PL,NU;PL,NU;
PL,NU;PL,NU;PL,NU;PL,KE;PL,NU;PL,NU;PL,NU;PL,NU;PL,NU;PL,NU;PL,NU;LR,FE;PL,NU;PL,NU;PL,NU;
PL,NU;PL,NU;PL,NU;PL,NU;PL,NU;PL,NU;PL,NU;PL,NU;PL,NU;PL,NU;PL,NU;PL,NU;PL,NU;PL,NU;PL,NU;
PL,NU;PL,NU;PL,NU;LR,AR;PL,NU;PL,NU;PL,NU;PL,NU;PL,NU;PL,NU;PL,NU;PL,NU;PL,NU;PL,NU;PL,NU;
PL,NU;PL,NU;PL,NU;PL,NU;PL,NU;PL,NU;PL,NU;LR,KE;PL,NU;PL,NU;PL,NU;PL,NU;PL,NU;PL,NU;PL,NU;
PL,NU;PL,NU;PL,NU;PL,NU;PL,NU;PL,NU;PL,NU;PL,NU;PL,NU;PL,NU;PL,NU;PL,NU;PL,NU;PL,NU;PL,NU;
PL,NU;PL,NU;PL,NU;PL,NU;PL,NU;PL,NU;PL,NU;PL,NU;PL,NU;PL,NU;PL,FE;PL,NU;PL,NU;PL,NU;PL,NU;
PL,NU;PL,NU;PL,NU;PL,NU;PL,NU;PL,NU;PL,NU;PL,NU;PL,NU;PL,NU;PL,NU;PL,NU;PL,NU;PL,NU;PL,NU;
WT,NU;PL,NU;PL,NU;PL,NU;PL,NU;PL,NU;PL,NU;PL,NU;PL,NU;PL,NU;PL,NU;PL,NU;PL,NU;PL,NU;WT,NU;
