15:15;
PL,NU;PL,NU;PL,NU;PL,NU;WT,NU;WT,NU;WT,NU;WT,NU;WT,NU;PL,NU;PL,NU;PL,NU;PL,NU;PL,NU;PL,NU;
PL,NU;WT,NU;WT,NU;WT,NU;WT,NU;WT,NU;WT,NU;WT,NU;WT,NU;PL,NU;PL,NU;PL,NU;PL,NU;PL,NU;PL,NU;
PL,NU;WT,NU;PL,NU;WT,NU;WT,NU;WT,NU;WT,NU;WT,NU;WT,NU;WT,NU;PL,NU;PL,NU;PL,NU;PL,NU;PL,NU;
WT,NU;PL,NU;PL,NU;PL,NU;WT,NU;PL,NU;WT,NU;WT,NU;WT,NU;WT,NU;WT,NU;PL,NU;PL,NU;WT,NU;PL,NU;
WT,NU;PL,NU;PL,NU;PL,NU;WT,NU;WT,NU;WT,NU;WT,NU;WT,NU;WT,NU;WT,NU;WT,NU;WT,NU;WT,NU;WT,NU;
PL,NU;PL,NU;PL,NU;WT,NU;WT,NU;WT,NU;WT,NU;WT,NU;WT,NU;WT,FE;WT,NU;WT,NU;WT,NU;WT,NU;WT,NU;
WT,NU;PL,NU;PL,NU;WT,NU;WT,NU;WT,NU;WT,NU;WT,NU;WT,NU;WT,NU;WT,NU;WT,NU;WT,NU;WT,NU;WT,NU;
PL,NU;WT,NU;PL,NU;WT,NU;WT,NU;WT,NU;WT,NU;WT,NU;WT,NU;WT,NU;WT,NU;WT,NU;WT,NU;WT,NU;WT,NU;
PL,NU;PL,NU;WT,NU;WT,NU;WT,NU;WT,NU;WT,NU;WT,NU;WT,NU;WT,NU;WT,NU;WT,NU;WT,NU;WT,NU;WT,NU;
PL,NU;WT,NU;WT,NU;PL,NU;WT,NU;WT,NU;WT,NU;WT,NU;WT,NU;WT,NU;WT,NU;WT,NU;WT,NU;WT,NU;WT,NU;
WT,NU;PL,NU;WT,NU;WT,NU;WT,NU;WT,NU;WT,NU;WT,NU;WT,NU;WT,NU;WT,NU;WT,NU;WT,NU;WT,NU;PL,NU;
WT,NU;WT,NU;WT,NU;PL,NU;WT,NU;WT,NU;WT,NU;WT,NU;WT,NU;WT,NU;WT,NU;WT,NU;WT,NU;PL,NU;WT,NU;
PL,NU;PL,NU;WT,NU;WT,NU;WT,NU;WT,NU;WT,NU;WT,NU;WT,NU;WT,NU;WT,NU;PL,NU;WT,NU;WT,NU;WT,NU;
PL,NU;WT,NU;WT,NU;PL,NU;WT,NU;WT,NU;PL,NU;WT,NU;WT,NU;WT,NU;PL,NU;WT,NU;WT,NU;WT,NU;WT,NU;
WT,NU;WT,NU;PL,NU;PL,NU;PL,NU;PL,NU;WT,NU;WT,NU;WT,NU;WT,NU;WT,NU;WT,NU;WT,NU;PL,NU;WT,NU;
