17:19;
WO,NU;PL,NU;PL,NU;PL,NU;WO,NU;LR,NU;LR,NU;LR,NU;LR,NU;LR,NU;LR,NU;LR,NU;LR,NU;LR,NU;LR,NU;LR,NU;LD,NU;PL,NU;WO,NU;
PL,NU;PL,NU;PL,NU;PL,NU;WT,NU;WT,NU;MO,NU;WO,NU;PL,NU;PL,NU;PL,NU;PL,NU;PL,NU;PL,NU;PL,NU;PL,NU;UD,NU;PL,NU;PL,NU;
PL,NU;PL,NU;PL,NU;PL,NU;WT,NU;WT,NU;WT,NU;WO,NU;PL,NU;PL,NU;PL,NU;PL,NU;WO,NU;PL,NU;PL,NU;PL,NU;UD,NU;PL,NU;WO,NU;
PL,NU;PL,NU;WO,NU;WT,NU;WT,NU;WT,NU;WT,NU;WT,NU;WO,NU;WO,NU;WT,NU;WT,NU;WO,NU;PL,NU;PL,NU;PL,NU;WO,NU;LR,NU;LR,NU;
LR,NU;LR,NU;LR,NU;LR,NU;LR,NU;LR,NU;LR,NU;LR,NU;LR,NU;LD,NU;PL,NU;WO,NU;PL,NU;PL,NU;PL,NU;PL,NU;WT,NU;WT,NU;MT,NU;
WO,NU;PL,NU;PL,NU;PL,NU;PL,NU;PL,NU;PL,NU;PL,NU;PL,NU;UD,NU;PL,NU;PL,NU;PL,NU;PL,NU;PL,NU;PL,NU;WT,NU;WT,NU;WT,NU;
WO,NU;PL,NU;PL,NU;PL,NU;PL,NU;WO,NU;PL,NU;PL,NU;PL,NU;UD,NU;PL,NU;WO,NU;PL,NU;PL,NU;WO,NU;WT,NU;WT,NU;WT,NU;WT,NU;
WT,NU;WO,NU;WO,NU;WT,NU;WT,NU;PL,NU;PL,NU;PL,NU;WO,NU;UD,NU;PL,NU;PL,NU;WT,NU;UD,NU;WT,NU;WT,NU;WT,NU;WT,NU;WT,NU;
WT,NU;WT,NU;WT,NU;WT,NU;WT,NU;MO,NU;WO,NU;PL,NU;PL,NU;UD,NU;MO,NU;PL,NU;PL,NU;PL,NU;PL,NU;PL,NU;WO,NU;WT,NU;WT,NU;
WT,NU;WT,NU;WT,NU;WT,NU;WT,NU;WT,NU;WO,NU;PL,NU;WO,NU;UD,NU;WO,NU;PL,NU;PL,NU;PL,NU;PL,NU;PL,NU;WO,NU;WT,NU;WT,NU;
RD,NU;PL,NU;WT,NU;WT,NU;WT,NU;WT,NU;WO,NU;PL,NU;WO,NU;UD,NU;PL,NU;PL,NU;PL,NU;PL,NU;PL,NU;PL,NU;PL,NU;WT,NU;RD,NU;
LU,NU;WT,NU;WT,NU;WT,NU;WT,NU;WT,NU;WO,NU;PL,NU;WO,NU;UD,NU;PL,NU;WO,NU;PL,NU;PL,NU;RD,NU;LR,NU;LR,NU;