2:2;
WT,NO;WT,NO;WT,NO;WT,NO;WT,NO;WT,NO;WT,NO;WT,NO;WT,NO;WT,NO;WT,NO;WT,NO;WT,NO;WT,NO;WT,NO;WT,NO;WT,NO;WT,NO;WT,NO;
WT,NO;WT,NO;WT,NO;WT,NO;WT,NO;WT,NO;WT,NO;WT,NO;WT,NO;WT,NO;WT,NO;WT,NO;PL,NO;WO,NO;PL,NO;PL,NO;PL,NO;WO,NO;WT,NO;
WT,NO;WT,NO;WT,NO;PL,NO;WT,NO;WT,NO;WT,NO;WT,NO;PL,NO;RD,NO;LR,NO;LR,NO;LR,NO;LR,NO;LR,NO;LR,NO;LR,NO;PL,NO;WT,NO;
WT,NO;WT,NO;WT,NO;WT,NO;WT,NO;WT,NO;WT,NO;MT,NO;PL,NO;UD,NO;PL,NO;WO,NO;PL,NO;PL,NO;PL,NO;PL,NO;PL,NO;PL,NO;WT,NO;
WT,NO;WT,NO;WT,NO;WT,NO;WT,NO;WO,NO;PL,NO;WO,NO;WO,NO;UD,NO;PL,NO;PL,NO;PL,NO;WO,NO;PL,NO;WO,NO;PL,NO;WT,NO;WT,NO;
WT,NO;WT,NO;WO,NO;PL,NO;PL,NO;PL,NO;WO,NO;PL,NO;PL,NO;UD,NO;WO,NO;WO,NO;WO,NO;PL,NO;WT,NO;WT,NO;WT,NO;WT,NO;WT,NO;
WT,NO;PL,NO;PL,NO;PL,NO;PL,NO;PL,NO;WO,NO;WO,NO;PL,NO;UD,NO;PL,NO;MT,NO;WT,NO;WT,NO;WT,NO;WT,NO;WT,NO;WT,NO;WT,NO;
WT,NO;PL,NO;LR,NO;LR,NO;LR,NO;LR,NO;LR,NO;LR,NO;LR,NO;LU,NO;PL,NO;WT,NO;WT,NO;PL,NO;WT,NO;WT,NO;WT,NO;WT,NO;WT,NO;
WT,NO;WO,NO;PL,NO;PL,NO;PL,NO;WO,NO;PL,NO;WT,NO;WT,NO;WT,NO;WT,NO;WT,NO;WT,NO;WT,NO;WT,NO;WT,NO;WT,NO;WT,NO;WT,NO;
WT,NO;WT,NO;WT,NO;WT,NO;WT,NO;WT,NO;WT,NO;WT,NO;WT,NO;WT,NO;WT,NO;WT,NO;WT,NO;WT,NO;WT,NO;WT,NO;WT,NO;WT,NO;WT,NO;
