19:10;
WT,NU;WT,NU;WT,TF;WT,NU;WT,NU;WT,NU;WT,NU;WT,NU;WT,NU;WT,NU;WT,NU;WT,NU;WT,NU;WT,NU;WT,NU;WT,NU;WT,NU;WT,NU;WT,NU;
WT,NU;WT,NU;WT,NU;WT,NU;WT,NU;WT,NU;WT,NU;WT,NU;WT,NU;WT,NU;WT,NU;WT,NU;PL,NU;WO,NU;PL,NU;PL,NU;PL,NU;WO,NU;WT,NU;
WT,NU;WT,NU;WT,NU;PL,NU;WT,NU;WT,NU;WT,NU;WT,NU;PL,NU;RD,NU;LR,NU;LR,NU;LR,NU;LR,NU;LR,NU;LR,NU;LR,NU;PL,NU;WT,NU;
WT,NU;WT,NU;WT,NU;WT,NU;WT,NU;WT,NU;WT,NU;MO,NU;PL,NU;UD,IA;PL,IA;WO,NU;PL,NU;PL,NU;PL,NU;PL,NU;PL,NU;PL,NU;WT,NU;
WT,NU;WT,NU;WT,NU;WT,NU;WT,NU;WO,IA;PL,AS;WO,NU;WO,NU;UD,AR;PL,NU;PL,NU;PL,NU;WO,NU;PL,NU;WO,NU;PL,NU;WT,NU;WT,NU;
WT,NU;WT,NU;WO,NU;PL,NU;PL,NU;PL,NU;WO,NU;PL,NU;PL,NU;UD,NU;WO,NU;WO,NU;WO,NU;PL,NU;WT,NU;WT,NU;WT,NU;WT,NU;WT,NU;
WT,NU;PL,NU;PL,NU;PL,NU;PL,NU;PL,NU;WO,NU;WO,NU;PL,NU;UD,NU;PL,NU;MO,NU;WT,NU;WT,NU;WT,NU;WT,NU;WT,NU;WT,NU;WT,NU;
WT,NU;PL,NU;LR,NU;LR,NU;LR,NU;LR,NU;LR,NU;LR,NU;LR,NU;LU,NU;PL,NU;WT,NU;WT,NU;PL,NU;WT,NU;WT,NU;WT,NU;WT,NU;WT,NU;
WT,NU;WO,NU;PL,NU;PL,NU;PL,NU;WO,NU;PL,NU;WT,NU;WT,NU;WT,NU;WT,NU;WT,NU;WT,NU;WT,NU;WT,NU;WT,NU;WT,NU;WT,NU;WT,NU;
WT,NU;WT,NU;WT,NU;WT,NU;WT,NU;WT,NU;WT,NU;WT,NU;WT,NU;WT,NU;WT,NU;WT,NU;WT,NU;WT,NU;WT,NU;WT,NU;WT,NU;WT,NU;WT,NU;