19:17;
PL,NU;PL,NU;PL,NU;PL,NU;PL,NU;PL,NU;PL,NU;PL,NU;PL,NU;PL,NU;PL,NU;PL,NU;PL,NU;PL,NU;PL,NU;PL,NU;PL,NU;PL,NU;PL,NU;
PL,NU;PL,NU;PL,NU;PL,NU;PL,NU;PL,NU;PL,NU;PL,NU;PL,NU;PL,NU;PL,NU;PL,NU;PL,NU;PL,NU;PL,NU;PL,NU;PL,NU;PL,NU;PL,NU;
PL,NU;PL,NU;PL,NU;PL,NU;PL,NU;PL,NU;PL,NU;PL,NU;PL,NU;PL,NU;PL,NU;PL,NU;PL,NU;PL,NU;PL,NU;PL,NU;PL,NU;PL,NU;PL,NU;
PL,NU;PL,NU;PL,NU;PL,NU;PL,NU;PL,NU;PL,NU;PL,NU;PL,NU;PL,NU;PL,NU;PL,NU;PL,NU;PL,NU;PL,NU;PL,NU;PL,NU;PL,NU;PL,NU;
PL,NU;PL,NU;PL,NU;PL,NU;PL,NU;PL,NU;PL,NU;PL,NU;PL,NU;PL,NU;PL,NU;PL,NU;PL,NU;PL,NU;PL,NU;PL,NU;PL,NU;PL,NU;PL,NU;
PL,NU;PL,NU;PL,NU;PL,NU;PL,NU;PL,NU;PL,NU;PL,NU;PL,NU;PL,NU;PL,NU;PL,NU;PL,NU;PL,NU;PL,NU;PL,NU;PL,NU;PL,NU;PL,NU;
PL,NU;PL,NU;PL,NU;PL,NU;PL,NU;PL,NU;PL,NU;PL,NU;PL,NU;PL,NU;PL,NU;PL,NU;PL,NU;PL,NU;PL,NU;PL,NU;PL,NU;PL,NU;PL,NU;
PL,NU;PL,NU;PL,NU;PL,NU;PL,NU;PL,NU;PL,NU;PL,NU;PL,NU;PL,NU;PL,NU;PL,NU;PL,NU;PL,NU;PL,NU;PL,NU;PL,NU;PL,NU;PL,NU;
PL,NU;PL,NU;PL,NU;PL,NU;PL,NU;PL,NU;PL,NU;PL,NU;PL,NU;PL,NU;PL,NU;PL,NU;PL,NU;PL,NU;PL,NU;PL,NU;PL,NU;PL,NU;PL,NU;
PL,NU;PL,NU;PL,NU;PL,NU;PL,NU;PL,NU;PL,NU;PL,NU;PL,NU;PL,NU;PL,NU;PL,NU;PL,NU;PL,NU;PL,NU;PL,NU;PL,NU;PL,NU;PL,NU;
PL,NU;PL,NU;PL,NU;PL,NU;PL,NU;PL,NU;PL,NU;PL,NU;PL,NU;PL,NU;PL,NU;PL,NU;PL,NU;PL,NU;PL,NU;PL,NU;PL,NU;PL,NU;PL,NU;
PL,NU;PL,NU;PL,NU;PL,NU;PL,NU;PL,NU;PL,NU;PL,NU;PL,NU;PL,NU;PL,NU;PL,NU;PL,NU;PL,NU;PL,NU;PL,NU;PL,NU;PL,NU;PL,NU;
PL,NU;PL,NU;PL,NU;PL,NU;PL,NU;PL,NU;PL,NU;PL,NU;PL,NU;PL,NU;PL,NU;PL,NU;PL,NU;PL,NU;PL,NU;PL,NU;PL,NU;PL,NU;PL,NU;
PL,NU;PL,NU;PL,NU;PL,NU;PL,NU;PL,NU;PL,NU;PL,NU;PL,NU;PL,NU;PL,NU;PL,NU;PL,NU;PL,NU;PL,NU;PL,NU;PL,NU;PL,NU;PL,NU;
PL,NU;PL,NU;PL,NU;PL,NU;PL,NU;PL,NU;PL,NU;PL,NU;PL,NU;PL,NU;PL,NU;PL,NU;PL,NU;PL,NU;PL,NU;PL,NU;PL,NU;PL,NU;PL,NU;
PL,NU;PL,NU;PL,NU;PL,NU;PL,NU;PL,NU;PL,NU;PL,NU;PL,NU;PL,NU;PL,NU;PL,NU;PL,NU;PL,NU;PL,NU;PL,NU;PL,NU;PL,NU;PL,NU;
PL,NU;PL,NU;PL,NU;PL,NU;PL,NU;PL,NU;PL,NU;PL,NU;PL,NU;PL,NU;PL,NU;PL,NU;PL,NU;PL,NU;PL,NU;PL,NU;PL,NU;PL,NU;PL,NU;