19:17;
WO,NU;PL,NU;PL,NU;WO,NU;LR,NU;BH,NU;LR,NU;LR,NU;LR,NU;LR,NU;LR,NU;LR,NU;LR,NU;LR,AR;LR,NU;LR,NU;LD,FR;PL,NU;WO,NU;
PL,NU;PL,NU;PL,NU;PL,NU;C3,NU;C4,NU;MO,NU;WO,NU;PL,NU;PL,NU;PL,IR;PL,NU;PL,NU;PL,NU;PL,NU;PL,NU;UD,BR;PL,NU;PL,NU;
PL,NU;PL,NU;PL,NU;PL,NU;C1,NU;CD,NU;C6,NU;WO,NU;PL,NU;PL,NU;PL,NU;PL,IR;WO,NU;PL,NU;PL,NU;PL,CR;UD,NU;PL,FR;WO,NU;
PL,NU;PL,NU;WO,NU;C3,NU;CB,NU;WT,NU;CD,NU;C6,NU;WO,NU;WO,NU;C3,NU;C6,NU;PL,NU;PL,MR;PL,NU;WO,NU;UD,NU;PL,NU;PL,NU;
RH,NU;BV,NU;RH,NU;C0,NU;C0,NU;CA,NU;WT,NU;WT,NU;C7,NU;C7,NU;CB,NU;C4,NU;MO,NU;WO,NU;PL,NU;PL,KR;UD,NU;MO,NU;PL,NU;
PL,NU;PL,NU;PL,NU;PL,NU;WO,NU;C1,NU;CC,NU;C0,NU;C0,NU;CA,NU;WT,NU;CD,NU;C6,NU;WO,NU;PL,NU;WO,NU;UD,AR;WO,NU;PL,NU;
PL,NU;PL,NU;PL,NU;PL,NU;WO,NU;C1,NU;C5,NU;RD,NU;PL,NU;C1,NU;WT,NU;WT,NU;C4,NU;WO,KR;PL,NU;PL,NU;UD,NU;PL,NU;PL,NU;
PL,NU;PL,IE;PL,NU;PL,NU;PL,NU;C2,NU;RD,NU;LU,NU;C3,NU;CB,NU;WT,NU;CC,NU;C5,NU;WO,NU;PL,NU;WO,NU;UD,MR;PL,NU;WO,NU;
PL,NU;PL,NU;RD,NU;LR,TE;LR,IE;LR,NU;LU,NU;C3,NU;CB,NU;WT,NU;CC,NU;C5,NU;RD,NU;LR,NU;LR,IR;LR,NU;LU,TR;PL,NU;PL,NU;
PL,NU;MO,NU;UD,NU;PL,NU;WO,NU;WO,NU;C3,NU;CB,NU;WT,NU;CC,NU;C5,NU;RD,NU;LU,NU;C3,NU;WO,NU;PL,NU;PL,NU;PL,IR;PL,NU;
PL,NU;PL,NU;UD,NU;PL,ME;PL,NU;WO,NU;C1,NU;WT,NU;WT,NU;C4,NU;PL,NU;LU,NU;C3,NU;C4,NU;WO,NU;PL,NU;PL,NU;PL,NU;PL,NU;
PL,NU;PL,NU;UD,NU;WO,NU;PL,NU;WO,NU;C2,NU;C0,NU;WT,NU;CD,NU;C7,NU;C7,NU;CB,NU;WT,NU;C7,NU;C6,NU;PL,NU;PL,NU;MO,NU;
MO,NU;PL,NU;UD,AE;PL,KE;PL,NU;PL,NU;MO,NU;WO,NU;C2,NU;C0,NU;C0,NU;WT,NU;WT,NU;WT,NU;WT,NU;WT,NU;RH,NU;BV,NU;RH,NU;
PL,NU;WO,NU;UD,NU;PL,NU;WO,NU;PL,NU;PL,NU;PL,NU;PL,NU;WO,NU;PL,NU;C2,NU;WT,NU;WT,NU;WT,NU;C4,NU;PL,NU;PL,NU;PL,NU;
PL,NU;PL,FE;UD,NU;PL,NU;PL,CE;PL,NU;PL,KE;PL,NU;PL,IE;PL,NU;WO,NU;PL,NU;C2,NU;WT,NU;WT,NU;C5,NU;WO,NU;PL,NU;PL,NU;
WO,NU;PL,NU;UD,BE;PL,NU;PL,NU;PL,NU;PL,ME;PL,NU;PL,NU;PL,IE;PL,NU;PL,NU;WO,NU;C1,NU;C5,NU;PL,NU;PL,NU;PL,NU;PL,NU;
WO,NU;PL,NU;RU,FE;LR,NU;LR,NU;LR,NU;LR,NU;LR,NU;LR,AE;LR,NU;LR,NU;LR,NU;LR,NU;BH,NU;LR,NU;WO,NU;PL,NU;PL,NU;WO,NU;
