26:20;
CB,NU;WT,NU;WT,NU;WT,NU;WT,NU;CC,NU;C0,NU;C0,NU;CA,NU;WT,NU;WT,NU;WT,NU;WT,NU;WT,NU;WT,NU;WT,NU;WT,NU;WT,NU;WT,NU;WT,NU;WT,NU;WT,NU;WT,NU;WT,NU;WT,NU;CD,NU;
WT,NU;CC,NU;CA,NU;WT,NU;WT,NU;C4,NU;WO,NU;MO,NU;C1,NU;WT,NU;WT,NU;WT,BE;WT,NU;WT,NU;WT,NU;WT,NU;WT,BE;WT,NU;WT,NU;WT,NU;WT,NU;WT,NU;WT,NU;WT,NU;WT,NU;WT,NU;
WT,NU;CD,NU;CB,NU;WT,NU;WT,NU;CD,NU;C6,NU;WO,FE;C1,NU;WT,NU;WT,NU;WT,NU;WT,NU;WT,BE;WT,NU;WT,NU;WT,NU;WT,NU;CC,NU;CA,NU;WT,NU;WT,NU;WT,NU;WT,NU;CD,NU;WT,NU;
WT,NU;WT,NU;WT,NU;WT,NU;WT,NU;WT,NU;CD,NU;C7,NU;CB,NU;WT,NU;WT,NU;WT,NU;WT,NU;WT,NU;WT,NU;CC,NU;CA,NU;WT,NU;CD,NU;CB,NU;WT,NU;WT,NU;WT,NU;WT,NU;WT,NU;WT,NU;
WT,NU;WT,NU;WT,FE;WT,NU;CC,NU;CA,NU;WT,NU;CC,NU;C0,NU;C0,NU;C0,NU;C0,NU;C0,NU;C0,NU;CA,NU;CD,NU;CB,NU;WT,NU;WT,NU;WT,NU;WT,NU;WT,NU;WT,NU;WT,FE;CC,NU;CA,NU;
WT,NU;WT,NU;WT,NU;WT,NU;WT,NU;CC,NU;C0,NU;C5,NU;PL,NU;WO,NU;PL,NU;PL,NU;PL,AE;PL,CE;C2,NU;C0,NU;C0,NU;C0,NU;C0,NU;C0,NU;C0,NU;C0,NU;CA,NU;WT,NU;CD,NU;CB,NU;
WT,NU;WT,NU;CD,NU;CC,NU;C0,NU;C5,NU;PL,NU;PL,ME;PL,NU;UD,NU;PL,NU;WO,NU;PL,TE;PL,NU;PL,KE;PL,NU;MO,NU;PL,NU;PL,NU;PL,NU;PL,CE;PL,NU;C2,NU;C0,NU;CA,NU;WT,NU;
WT,NU;CC,NU;C0,NU;C5,NU;PL,NU;PL,ME;PL,CE;PL,NU;PL,NU;UD,NU;PL,NU;WO,NU;PL,NU;WO,NU;PL,NU;PL,NU;PL,NU;PL,NU;PL,NU;WO,KE;PL,NU;WO,ME;PL,NU;UD,NU;C1,NU;CC,NU;
CC,NU;C5,NU;PL,NU;PL,NU;PL,NU;MO,NU;PL,IE;WO,NU;WO,NU;RU,NU;TD,NU;LR,NU;LR,NU;LR,NU;LR,NU;LR,NU;LR,NU;LR,NU;LR,NU;LR,IE;LR,NU;LR,NU;TD,NU;LU,NU;C2,NU;CA,NU;
C4,NU;PL,NU;PL,NU;WO,NU;PL,NU;PL,NU;PL,NU;PL,NU;PL,NU;WO,NU;UD,NU;WO,NU;PL,NU;PL,NU;PL,NU;PL,NU;MO,NU;PL,NU;PL,NU;PL,NU;PL,NU;PL,IE;UD,NU;PL,NU;MO,NU;C2,NU;
C0,NU;C6,NU;PL,NU;PL,NU;PL,NU;PL,NU;WO,NU;PL,NU;PL,NU;PL,NU;UD,NU;WO,NU;PL,NU;WO,NU;PL,NU;PL,NU;PL,NU;PL,NU;WO,NU;WO,NU;PL,NU;PL,NU;UD,NU;PL,NU;PL,NU;PL,NU;
PL,NU;C2,NU;RH,NU;C7,NU;C6,NU;PL,NU;RD,NU;LR,NU;LR,NU;LR,NU;TU,NU;LR,NU;LR,NU;LD,NU;PL,NU;C3,NU;C6,NU;WO,NU;PL,NU;PL,NU;PL,NU;PL,NU;RU,NU;LR,NU;LD,NU;PL,NU;
WO,NU;PL,NU;PL,NU;RV,NU;C2,NU;RH,NU;BV,NU;RH,NU;RH,NU;RH,NU;RH,NU;RH,NU;RH,NU;BV,TR;RH,NU;C0,NU;C0,NU;RH,NU;RH,NU;C6,NU;PL,NU;PL,NU;PL,NU;PL,NU;UD,NU;WO,NU;
PL,NU;PL,NU;PL,NU;RV,NU;PL,NU;PL,NU;UD,MR;PL,NU;WO,NU;PL,NU;PL,KR;MO,NU;PL,IR;UD,NU;MO,NU;MO,NU;PL,AR;MO,NU;PL,NU;C2,NU;C6,NU;PL,NU;MO,NU;PL,NU;UD,NU;PL,NU;
PL,NU;MO,NU;PL,NU;RV,NU;WO,NU;PL,NU;UD,NU;MO,NU;PL,IR;RD,NU;LR,NU;LR,NU;LR,NU;TU,NU;LR,NU;LR,NU;LD,NU;WO,NU;PL,NU;PL,NU;C2,NU;RH,NU;C6,NU;PL,NU;UD,NU;PL,NU;
RH,NU;RH,NU;RH,NU;C5,NU;PL,NU;PL,NU;UD,NU;PL,NU;WO,NU;UD,NU;PL,NU;MO,NU;PL,KR;MO,NU;PL,AR;MO,NU;UD,NU;MO,NU;PL,KR;PL,NU;PL,NU;WO,NU;C2,NU;RH,NU;BV,NU;RH,NU;
PL,NU;PL,NU;WO,NU;PL,NU;MO,NU;PL,NU;UD,NU;PL,NU;MO,NU;UD,NU;PL,NU;PL,AR;MO,NU;MO,NU;C3,NU;C6,NU;RU,NU;LR,NU;LR,NU;LD,NU;PL,MR;PL,NU;PL,NU;PL,NU;UD,NU;PL,NU;
LR,NU;LR,NU;LR,NU;LR,NU;LR,NU;LR,NU;TU,NU;LR,NU;LR,NU;LU,NU;MO,NU;PL,NU;PL,NU;C3,NU;CB,NU;C4,FR;MO,NU;MO,NU;PL,NU;RU,TR;LR,NU;LR,NU;LR,NU;LR,NU;LU,NU;PL,NU;
PL,NU;PL,NU;MO,NU;PL,NU;PL,NU;PL,NU;PL,BR;PL,NU;PL,NU;PL,NU;C3,FR;C7,NU;C7,NU;CB,FR;WT,NU;CD,NU;C6,NU;MO,NU;PL,FR;PL,NU;PL,NU;MO,NU;PL,NU;MO,NU;PL,NU;PL,NU;
WO,NU;PL,NU;PL,NU;PL,NU;WO,NU;PL,NU;WO,NU;PL,NU;MO,NU;C3,NU;CB,NU;WT,NU;WT,NU;WT,NU;WT,NU;WT,NU;CD,NU;C7,NU;PL,NU;PL,NU;WO,BR;PL,NU;PL,NU;PL,NU;PL,NU;WO,NU;
