19:10;
WT,NU;WT,NU;WT,NU;WT,NU;WT,NU;WT,NU;WT,NU;WT,NU;WT,NU;WT,NU;WT,NU;CC,NU;C0,NU;C0,NU;C0,NU;C0,NU;C0,NU;C0,NU;CA,NU;
WT,NU;WT,NU;CC,NU;C0,NU;CA,NU;WT,NU;WT,NU;CC,NU;C0,NU;C0,NU;C0,NU;C5,NU;PL,NU;WO,NU;PL,NU;PL,NU;PL,NU;WO,NU;C1,NU;
WT,NU;WT,NU;C4,NU;PL,FE;C1,NU;WT,NU;CC,NU;C5,NU;PL,NU;RD,NU;LR,NU;LR,NU;LR,NU;LR,NU;LR,IR;LR,NU;LR,NU;PL,AR;C1,NU;
WT,NU;WT,NU;CD,NU;C7,NU;CB,NU;C0,NU;C5,NU;MO,NU;PL,NU;UD,NU;PL,NU;WO,NU;PL,NU;PL,NU;PL,MR;PL,NU;PL,TR;PL,NU;C1,NU;
WT,NU;CC,NU;C0,NU;C0,NU;C5,NU;WO,NU;PL,NU;WO,NU;WO,NU;UD,NU;PL,NU;PL,NU;PL,NU;WO,NU;PL,NU;WO,IR;PL,NU;C3,NU;CB,NU;
CC,NU;C5,NU;WO,NU;PL,NU;PL,IE;PL,NU;WO,NU;PL,NU;PL,NU;UD,NU;WO,NU;WO,NU;WO,NU;PL,NU;C3,NU;C7,NU;C7,NU;CB,NU;WT,NU;
C4,NU;PL,NU;PL,NU;PL,ME;PL,NU;PL,AE;WO,TE;WO,NU;PL,NU;UD,NU;PL,NU;MO,NU;C3,NU;C7,NU;CB,NU;WT,NU;WT,NU;WT,NU;WT,NU;
C4,NU;PL,NU;LR,NU;LR,NU;LR,NU;LR,IE;LR,NU;LR,NU;LR,NU;LU,NU;PL,NU;C3,NU;CB,NU;CC,NU;C0,NU;CA,NU;WT,NU;WT,NU;WT,NU;
C4,NU;WO,NU;PL,NU;PL,NU;PL,NU;WO,NU;PL,NU;C3,NU;C7,NU;C7,NU;C7,NU;CB,NU;WT,NU;C4,NU;PL,FR;C1,NU;WT,NU;WT,NU;WT,NU;
WT,NU;C7,NU;C7,NU;C7,NU;C7,NU;C7,NU;C7,NU;CB,NU;WT,NU;WT,NU;WT,NU;WT,NU;WT,NU;CD,NU;C7,NU;CB,NU;WT,NU;WT,NU;WT,NU;
