19:10;
WT,NU;WT,NU;WT,NU;WT,NU;WT,NU;WT,NU;WT,NU;WT,NU;WT,NU;WT,NU;WT,NU;WT,NU;WT,NU;WT,NU;WT,NU;WT,NU;WT,NU;WT,NU;WT,NU;
WT,NU;WT,NU;WT,NU;WT,NU;WT,NU;WT,NU;WT,NU;WT,NU;WT,NU;WT,NU;WT,NU;WT,NU;PL,NU;WO,NU;PL,NU;PL,NU;PL,NU;WO,NU;WT,NU;
WT,NU;WT,NU;WT,NU;PL,FE;WT,NU;WT,NU;WT,NU;WT,NU;PL,NU;RD,NU;LR,NU;LR,NU;LR,NU;LR,NU;LR,IR;LR,NU;LR,NU;PL,AR;WT,NU;
WT,NU;WT,NU;WT,NU;WT,NU;WT,NU;WT,NU;WT,NU;MO,NU;PL,NU;UD,NU;PL,NU;WO,NU;PL,NU;PL,NU;PL,MR;PL,NU;PL,TR;PL,NU;WT,NU;
WT,NU;WT,NU;WT,NU;WT,NU;WT,NU;WO,NU;PL,NU;WO,NU;WO,NU;UD,NU;PL,NU;PL,NU;PL,NU;WO,NU;PL,NU;WO,IR;PL,NU;WT,NU;WT,NU;
WT,NU;WT,NU;WO,NU;PL,NU;PL,IE;PL,NU;WO,NU;PL,NU;PL,NU;UD,NU;WO,NU;WO,NU;WO,NU;PL,NU;WT,NU;WT,NU;WT,NU;WT,NU;WT,NU;
WT,NU;PL,NU;PL,NU;PL,ME;PL,NU;PL,KE;WO,TE;WO,NU;PL,NU;UD,NU;PL,NU;MO,NU;WT,NU;WT,NU;WT,NU;WT,NU;WT,NU;WT,NU;WT,NU;
WT,NU;PL,NU;LR,NU;LR,NU;LR,NU;LR,IE;LR,NU;LR,NU;LR,NU;LU,NU;PL,NU;WT,NU;WT,NU;PL,FR;WT,NU;WT,NU;WT,NU;WT,NU;WT,NU;
WT,NU;WO,NU;PL,NU;PL,NU;PL,NU;WO,NU;PL,NU;WT,NU;WT,NU;WT,NU;WT,NU;WT,NU;WT,NU;WT,NU;WT,NU;WT,NU;WT,NU;WT,NU;WT,NU;
WT,NU;WT,NU;WT,NU;WT,NU;WT,NU;WT,NU;WT,NU;WT,NU;WT,NU;WT,NU;WT,NU;WT,NU;WT,NU;WT,NU;WT,NU;WT,NU;WT,NU;WT,NU;WT,NU;
