26:14;
PL,NU;PL,NU;PL,NU;WO,NU;WO,NU;PL,NU;PL,NU;PL,NU;PL,NU;PL,NU;PL,NU;WO,NU;WO,NU;WO,NU;WO,NU;PL,NU;PL,NU;PL,NU;PL,NU;PL,NU;PL,NU;WO,NU;WO,NU;PL,NU;PL,NU;PL,NU;
WO,NU;PL,NU;RD,BR;LR,NU;LR,NU;LR,NU;LR,NU;LR,NU;LR,NU;LR,NU;LR,NU;LR,NU;TD,IR;TD,NU;LR,TR;LR,NU;LR,NU;LR,NU;LR,NU;LR,NU;LR,NU;LR,NU;LR,NU;LD,NU;PL,NU;WO,NU;
WO,NU;PL,CR;UD,FR;WO,NU;PL,NU;PL,NU;WO,NU;PL,NU;PL,NU;WO,NU;PL,NU;WO,NU;UD,TR;UD,TR;WO,IR;PL,NU;PL,NU;WO,NU;PL,NU;PL,NU;PL,NU;WO,NU;PL,NU;UD,AR;PL,NU;WO,NU;
PL,NU;PL,MR;UD,NU;PL,FR;WO,NU;PL,NU;PL,NU;PL,NU;WO,NU;C3,NU;C6,NU;WO,NU;UD,NU;UD,MR;WO,NU;C3,NU;C6,NU;WO,NU;PL,NU;PL,NU;WO,NU;PL,NU;PL,IR;UD,NU;PL,NU;PL,NU;
PL,NU;PL,NU;UD,IR;PL,NU;PL,NU;PL,NU;PL,NU;WO,NU;C3,NU;CB,NU;C4,NU;WO,MR;UD,NU;UD,NU;WO,NU;C1,NU;WT,NU;C6,NU;PL,NU;WO,NU;PL,NU;PL,NU;PL,NU;UD,MR;PL,NU;PL,NU;
C7,NU;C7,NU;B0,NU;C7,NU;C7,NU;C7,NU;C7,NU;C7,NU;CB,NU;CC,NU;C5,NU;PL,NU;UD,NU;UD,NU;PL,NU;C2,NU;CA,NU;CD,NU;C7,NU;C7,NU;C7,NU;C7,NU;C7,NU;B0,NU;C7,NU;C7,NU;
WT,NU;WT,NU;B2,NU;WT,NU;WT,NU;WT,NU;WT,NU;WT,NU;WT,NU;C4,NU;PL,NU;PL,NU;UD,NU;UD,NU;PL,NU;PL,NU;C1,NU;WT,NU;WT,NU;WT,NU;WT,NU;WT,NU;WT,NU;B2,NU;WT,NU;WT,NU;
WT,NU;WT,NU;B2,NU;WT,NU;WT,NU;WT,NU;WT,NU;WT,NU;WT,NU;C4,NU;WO,NU;PL,NU;UD,NU;UD,NU;PL,NU;WO,NU;C1,NU;WT,NU;WT,NU;WT,NU;WT,NU;WT,NU;WT,NU;B2,NU;WT,NU;WT,NU;
C0,NU;C0,NU;B1,NU;C0,NU;C0,NU;C0,NU;C0,NU;C0,NU;CA,NU;WT,NU;C6,NU;PL,NU;UD,NU;UD,NU;PL,NU;C3,NU;CB,NU;CC,NU;C0,NU;C0,NU;C0,NU;C0,NU;C0,NU;B1,NU;C0,NU;C0,NU;
PL,NU;PL,NU;UD,NU;PL,NU;WO,NU;WO,NU;WO,NU;PL,NU;C2,NU;CA,NU;C4,NU;WO,NU;UD,NU;UD,NU;WO,NU;C1,NU;CC,NU;C5,NU;PL,NU;WO,NU;WO,NU;WO,NU;PL,NU;UD,ME;PL,NU;PL,NU;
PL,NU;PL,NU;UD,NU;PL,NU;PL,NU;PL,NU;PL,NU;PL,NU;PL,NU;C2,NU;C5,NU;WO,IE;UD,NU;UD,NU;WO,ME;C2,NU;C5,NU;PL,NU;WO,NU;PL,NU;PL,NU;PL,NU;PL,FE;UD,NU;PL,IE;PL,NU;
WO,NU;PL,NU;UD,IE;PL,NU;PL,NU;PL,NU;PL,NU;PL,NU;PL,NU;PL,NU;PL,NU;WO,NU;UD,IE;UD,TE;WO,NU;PL,NU;PL,NU;WO,NU;PL,NU;PL,NU;PL,NU;PL,NU;PL,NU;UD,CE;PL,NU;WO,NU;
WO,NU;PL,TE;RU,TE;LR,IE;LR,NU;LR,NU;LR,NU;LR,NU;LR,NU;LR,NU;LR,KE;LR,NU;TU,TE;TU,KE;LR,NU;LR,NU;LR,NU;LR,FE;LR,NU;LR,NU;LR,NU;LR,BE;LR,NU;LU,FE;PL,NU;WO,NU;
PL,NU;PL,NU;PL,ME;WO,NU;WO,NU;PL,NU;PL,NU;PL,NU;PL,NU;PL,NU;PL,NU;WO,NU;WO,NU;WO,NU;WO,NU;PL,NU;PL,NU;PL,NU;PL,NU;PL,NU;PL,NU;WO,NU;WO,NU;PL,NU;PL,NU;PL,NU;
