26:14;
PL,NO;PL,NO;PL,NO;PL,NO;PL,NO;PL,NO;PL,NO;PL,NO;PL,NO;PL,NO;PL,NO;PL,NO;PL,NO;PL,NO;PL,NO;PL,NO;PL,NO;PL,NO;PL,NO;PL,NO;PL,NO;PL,NO;PL,NO;PL,NO;PL,NO;PL,NO;
PL,NO;PL,NO;PL,NO;PL,NO;PL,NO;PL,NO;PL,NO;PL,NO;PL,NO;PL,NO;PL,NO;PL,NO;PL,NO;PL,NO;PL,NO;PL,NO;PL,NO;PL,NO;PL,NO;PL,NO;PL,NO;PL,NO;PL,NO;PL,NO;PL,NO;PL,NO;
PL,NO;PL,NO;PL,NO;PL,NO;PL,NO;PL,NO;PL,NO;PL,NO;PL,NO;PL,NO;PL,NO;PL,NO;PL,NO;PL,NO;PL,NO;PL,NO;PL,NO;PL,NO;PL,NO;PL,NO;PL,NO;PL,NO;PL,NO;PL,NO;PL,NO;PL,NO;
PL,NO;PL,NO;PL,NO;PL,NO;PL,NO;PL,NO;PL,NO;PL,NO;PL,NO;PL,NO;PL,NO;PL,NO;PL,NO;PL,NO;PL,NO;PL,NO;PL,NO;PL,NO;PL,NO;PL,NO;PL,NO;PL,NO;PL,NO;PL,NO;PL,NO;PL,NO;
PL,NO;PL,NO;PL,NO;PL,NO;PL,NO;PL,NO;PL,NO;PL,NO;PL,NO;PL,NO;PL,NO;PL,NO;PL,NO;PL,NO;PL,NO;PL,NO;PL,NO;PL,NO;PL,NO;PL,NO;PL,NO;PL,NO;PL,NO;PL,NO;PL,NO;PL,NO;
PL,NO;PL,NO;PL,NO;PL,NO;PL,NO;PL,NO;PL,NO;PL,NO;PL,NO;PL,NO;PL,NO;PL,NO;PL,NO;PL,NO;PL,NO;PL,NO;PL,NO;PL,NO;PL,NO;PL,NO;PL,NO;PL,NO;PL,NO;PL,NO;PL,NO;PL,NO;
PL,NO;PL,NO;PL,NO;PL,NO;PL,NO;PL,NO;PL,NO;PL,NO;PL,NO;PL,NO;PL,NO;PL,NO;PL,NO;PL,NO;PL,NO;PL,NO;PL,NO;PL,NO;PL,NO;PL,NO;PL,NO;PL,NO;PL,NO;PL,NO;PL,NO;PL,NO;
PL,NO;PL,NO;PL,NO;PL,NO;PL,NO;PL,NO;PL,NO;PL,NO;PL,NO;PL,NO;PL,NO;PL,NO;PL,NO;PL,NO;PL,NO;PL,NO;PL,NO;PL,NO;PL,NO;PL,NO;PL,NO;PL,NO;PL,NO;PL,NO;PL,NO;PL,NO;
PL,NO;PL,NO;PL,NO;PL,NO;PL,NO;PL,NO;PL,NO;PL,NO;PL,NO;PL,NO;PL,NO;PL,NO;PL,NO;PL,NO;PL,NO;PL,NO;PL,NO;PL,NO;PL,NO;PL,NO;PL,NO;PL,NO;PL,NO;PL,NO;PL,NO;PL,NO;
PL,NO;PL,NO;PL,NO;PL,NO;PL,NO;PL,NO;PL,NO;PL,NO;PL,NO;PL,NO;PL,NO;PL,NO;PL,NO;PL,NO;PL,NO;PL,NO;PL,NO;PL,NO;PL,NO;PL,NO;PL,NO;PL,NO;PL,NO;PL,NO;PL,NO;PL,NO;
PL,NO;PL,NO;PL,NO;PL,NO;PL,NO;PL,NO;PL,NO;PL,NO;PL,NO;PL,NO;PL,NO;PL,NO;PL,NO;PL,NO;PL,NO;PL,NO;PL,NO;PL,NO;PL,NO;PL,NO;PL,NO;PL,NO;PL,NO;PL,NO;PL,NO;PL,NO;
PL,NO;PL,NO;PL,NO;PL,NO;PL,NO;PL,NO;PL,NO;PL,NO;PL,NO;PL,NO;PL,NO;PL,NO;PL,NO;PL,NO;PL,NO;PL,NO;PL,NO;PL,NO;PL,NO;PL,NO;PL,NO;PL,NO;PL,NO;PL,NO;PL,NO;PL,NO;
PL,NO;PL,NO;PL,NO;PL,NO;PL,NO;PL,NO;PL,NO;PL,NO;PL,NO;PL,NO;PL,NO;PL,NO;PL,NO;PL,NO;PL,NO;PL,NO;PL,NO;PL,NO;PL,NO;PL,NO;PL,NO;PL,NO;PL,NO;PL,NO;PL,NO;PL,NO;
PL,NO;PL,NO;PL,NO;PL,NO;PL,NO;PL,NO;PL,NO;PL,NO;PL,NO;PL,NO;PL,NO;PL,NO;PL,NO;PL,NO;PL,NO;PL,NO;PL,NO;PL,NO;PL,NO;PL,NO;PL,NO;PL,NO;PL,NO;PL,NO;PL,NO;PL,NO;