15:15;
PL,NU;PL,NU;PL,NU;PL,NU;PL,NU;PL,NU;PL,NU;PL,NU;PL,NU;PL,NU;PL,NU;PL,NU;PL,NU;PL,NU;PL,NU;
PL,NU;PL,NU;PL,NU;PL,NU;PL,NU;PL,NU;PL,NU;PL,NU;PL,NU;PL,NU;PL,NU;PL,NU;PL,NU;PL,NU;PL,NU;
PL,NU;PL,NU;PL,NU;PL,NU;PL,NU;PL,NU;PL,NU;PL,NU;PL,NU;PL,NU;PL,NU;PL,NU;PL,NU;PL,NU;PL,NU;
PL,NU;PL,NU;PL,NU;PL,NU;PL,NU;PL,NU;PL,NU;PL,NU;PL,NU;PL,NU;PL,NU;PL,NU;PL,NU;PL,NU;PL,NU;
PL,NU;PL,NU;PL,NU;PL,NU;PL,NU;PL,NU;PL,NU;PL,NU;PL,NU;PL,NU;PL,NU;PL,NU;PL,NU;PL,NU;PL,NU;
PL,NU;PL,NU;PL,NU;PL,NU;PL,NU;PL,NU;PL,NU;PL,NU;PL,NU;PL,NU;PL,NU;PL,NU;PL,NU;PL,NU;PL,NU;
PL,NU;PL,NU;PL,NU;PL,NU;PL,NU;PL,NU;PL,NU;PL,NU;PL,NU;PL,NU;PL,NU;PL,NU;PL,NU;PL,NU;PL,NU;
PL,NU;PL,NU;PL,NU;PL,NU;PL,NU;PL,NU;PL,NU;PL,NU;PL,NU;PL,NU;PL,NU;PL,NU;PL,NU;PL,NU;PL,NU;
PL,NU;PL,NU;PL,NU;PL,NU;PL,NU;PL,NU;PL,NU;PL,NU;PL,NU;PL,NU;PL,NU;PL,NU;PL,NU;PL,NU;PL,NU;
PL,NU;PL,NU;PL,NU;PL,NU;PL,NU;PL,NU;PL,NU;PL,NU;PL,NU;PL,NU;PL,NU;PL,NU;PL,NU;PL,NU;PL,NU;
PL,NU;PL,NU;PL,NU;PL,NU;PL,NU;PL,NU;PL,NU;PL,NU;PL,NU;PL,NU;PL,NU;PL,NU;PL,NU;PL,NU;PL,NU;
PL,NU;PL,NU;PL,NU;PL,NU;PL,NU;PL,NU;PL,NU;PL,NU;PL,NU;PL,NU;PL,NU;PL,NU;PL,NU;PL,NU;PL,NU;
PL,NU;PL,NU;PL,NU;PL,NU;PL,NU;PL,NU;PL,NU;PL,NU;PL,NU;PL,NU;PL,NU;PL,NU;PL,NU;PL,NU;PL,NU;
PL,NU;PL,NU;PL,NU;PL,NU;PL,NU;PL,NU;PL,NU;PL,NU;PL,NU;PL,NU;PL,NU;PL,NU;PL,NU;PL,NU;PL,NU;
PL,NU;PL,NU;PL,NU;PL,NU;PL,NU;PL,NU;PL,NU;PL,NU;PL,NU;PL,NU;PL,NU;PL,NU;PL,NU;PL,NU;PL,NU;
